[INFO] Scanning for projects...
[INFO] 
[INFO] ---------------------< com.pkfare:trip-scale-lite >---------------------
[INFO] Building trip-scale-lite 1.0-SNAPSHOT
[INFO]   from pom.xml
[INFO] --------------------------------[ jar ]---------------------------------
[INFO] 
[INFO] >>> spring-boot:3.2.0:run (default-cli) > test-compile @ trip-scale-lite >>>
[INFO] 
[INFO] --- resources:3.3.1:resources (default-resources) @ trip-scale-lite ---
[INFO] Copying 7 resources from src/main/resources to target/classes
[INFO] 
[INFO] --- compiler:3.11.0:compile (default-compile) @ trip-scale-lite ---
[INFO] Nothing to compile - all classes are up to date
[INFO] 
[INFO] --- resources:3.3.1:testResources (default-testResources) @ trip-scale-lite ---
[INFO] Copying 1 resource from src/test/resources to target/test-classes
[INFO] 
[INFO] --- compiler:3.11.0:testCompile (default-testCompile) @ trip-scale-lite ---
[INFO] Changes detected - recompiling the module! :source
[INFO] Compiling 4 source files with javac [debug target 21] to target/test-classes
[INFO] 由于在类路径中发现了一个或多个处理程序，因此启用了
  批注处理。未来发行版的 javac 可能会禁用批注处理，
  除非至少按名称指定了一个处理程序 (-processor)，
  或指定了搜索路径 (--processor-path, --processor-module-path)，
  或显式启用了批注处理 (-proc:only, -proc:full)。
  可使用 -Xlint:-options 隐藏此消息。
  可使用 -proc:none 禁用批注处理。
[INFO] 
[INFO] <<< spring-boot:3.2.0:run (default-cli) < test-compile @ trip-scale-lite <<<
[INFO] 
[INFO] 
[INFO] --- spring-boot:3.2.0:run (default-cli) @ trip-scale-lite ---
[INFO] Attaching agents: []

  .   ____          _            __ _ _
 /\\ / ___'_ __ _ _(_)_ __  __ _ \ \ \ \
( ( )\___ | '_ | '_| | '_ \/ _` | \ \ \ \
 \\/  ___)| |_)| | | | | || (_| |  ) ) ) )
  '  |____| .__|_| |_|_| |_\__, | / / / /
 =========|_|==============|___/=/_/_/_/
 :: Spring Boot ::                (v3.2.0)

2025-09-03 09:28:33 [background-preinit] INFO  o.h.validator.internal.util.Version - HV000001: Hibernate Validator 8.0.1.Final
2025-09-03 09:28:33 [main] INFO  c.p.trip.scale.TripScaleApplication - Starting TripScaleApplication using Java 21.0.3 with PID 5757 (/Users/liuyang/ideaProjects/pkfare/trip-scale-lite/target/classes started by liuyang in /Users/liuyang/ideaProjects/pkfare/trip-scale-lite)
2025-09-03 09:28:33 [main] DEBUG c.p.trip.scale.TripScaleApplication - Running with Spring Boot v3.2.0, Spring v6.1.1
2025-09-03 09:28:33 [main] INFO  c.p.trip.scale.TripScaleApplication - No active profile set, falling back to 1 default profile: "default"
2025-09-03 09:28:33 [main] INFO  o.s.b.w.e.tomcat.TomcatWebServer - Tomcat initialized with port 8080 (http)
2025-09-03 09:28:33 [main] INFO  o.a.coyote.http11.Http11NioProtocol - Initializing ProtocolHandler ["http-nio-8080"]
2025-09-03 09:28:33 [main] INFO  o.a.catalina.core.StandardService - Starting service [Tomcat]
2025-09-03 09:28:33 [main] INFO  o.a.catalina.core.StandardEngine - Starting Servlet engine: [Apache Tomcat/10.1.16]
2025-09-03 09:28:33 [main] INFO  o.a.c.c.C.[Tomcat].[localhost].[/] - Initializing Spring embedded WebApplicationContext
2025-09-03 09:28:33 [main] INFO  o.s.b.w.s.c.ServletWebServerApplicationContext - Root WebApplicationContext: initialization completed in 607 ms
2025-09-03 09:28:34 [main] INFO  c.p.t.s.a.a.f.AmadeusFlightOffersSearchAPI - AmadeusFlightOffersSearchAPI initialized with mockEnabled: true
2025-09-03 09:28:34 [main] INFO  c.p.trip.scale.config.CacheConfig - Creating flight dates cache with expireAfterWrite: 120 minutes, maximumSize: 1000, initialCapacity: 100
2025-09-03 09:28:34 [main] INFO  c.p.trip.scale.config.CacheConfig - Creating flight offers cache with expireAfterWrite: 120 minutes, maximumSize: 1000, initialCapacity: 100
2025-09-03 09:28:34 [main] INFO  c.p.t.s.s.e.a.AmadeusFlightService - AmadeusFlightService initialized with flight dates and flight offers cache
2025-09-03 09:28:34 [main] INFO  c.p.trip.scale.config.CacheConfig - Creating hotel offers cache with expireAfterWrite: 120 minutes, maximumSize: 1000, initialCapacity: 100
2025-09-03 09:28:34 [main] INFO  c.p.t.s.s.e.a.AmadeusHotelService - AmadeusHotelService initialized with hotel offers cache
2025-09-03 09:28:34 [main] INFO  c.p.trip.scale.config.CacheConfig - Creating activities cache with expireAfterWrite: 120 minutes, maximumSize: 1000, initialCapacity: 100
2025-09-03 09:28:34 [main] INFO  c.p.t.s.s.e.a.AmadeusActivityService - AmadeusActivityService initialized with activities cache
2025-09-03 09:28:34 [main] INFO  c.p.t.s.config.AsyncExecutorConfig - Creating custom thread pool for trip plan generation: corePoolSize=16, maxPoolSize=16, queueCapacity=100, keepAliveSeconds=60
2025-09-03 09:28:34 [main] INFO  c.p.t.s.c.ParentChildContextConfig - Creating loadedAgentRegistry bean for parent-child context
2025-09-03 09:28:34 [main] INFO  c.p.t.s.c.ParentChildContextConfig - Creating BaseSessionService bean for parent-child context
2025-09-03 09:28:34 [main] INFO  o.a.coyote.http11.Http11NioProtocol - Starting ProtocolHandler ["http-nio-8080"]
2025-09-03 09:28:34 [main] INFO  o.s.b.w.e.tomcat.TomcatWebServer - Tomcat started on port 8080 (http) with context path ''
2025-09-03 09:28:34 [main] INFO  c.p.trip.scale.TripScaleApplication - Started TripScaleApplication in 1.537 seconds (process running for 1.717)
2025-09-03 09:29:36 [http-nio-8080-exec-1] INFO  o.a.c.c.C.[Tomcat].[localhost].[/] - Initializing Spring DispatcherServlet 'dispatcherServlet'
2025-09-03 09:29:36 [http-nio-8080-exec-1] INFO  o.s.web.servlet.DispatcherServlet - Initializing Servlet 'dispatcherServlet'
2025-09-03 09:29:36 [http-nio-8080-exec-1] INFO  o.s.web.servlet.DispatcherServlet - Completed initialization in 7 ms
2025-09-03 09:29:36 [http-nio-8080-exec-1] ERROR c.p.t.s.e.GlobalExceptionHandler - Unexpected exception occurred: No static resource apps/Coordinator/users/testuser/sessions.
org.springframework.web.servlet.resource.NoResourceFoundException: No static resource apps/Coordinator/users/testuser/sessions.
	at org.springframework.web.servlet.resource.ResourceHttpRequestHandler.handleRequest(ResourceHttpRequestHandler.java:585)
	at org.springframework.web.servlet.mvc.HttpRequestHandlerAdapter.handle(HttpRequestHandlerAdapter.java:52)
	at org.springframework.web.servlet.DispatcherServlet.doDispatch(DispatcherServlet.java:1089)
	at org.springframework.web.servlet.DispatcherServlet.doService(DispatcherServlet.java:979)
	at org.springframework.web.servlet.FrameworkServlet.processRequest(FrameworkServlet.java:1014)
	at org.springframework.web.servlet.FrameworkServlet.doPost(FrameworkServlet.java:914)
	at jakarta.servlet.http.HttpServlet.service(HttpServlet.java:590)
	at org.springframework.web.servlet.FrameworkServlet.service(FrameworkServlet.java:885)
	at jakarta.servlet.http.HttpServlet.service(HttpServlet.java:658)
	at org.apache.catalina.core.ApplicationFilterChain.internalDoFilter(ApplicationFilterChain.java:205)
	at org.apache.catalina.core.ApplicationFilterChain.doFilter(ApplicationFilterChain.java:149)
	at org.apache.tomcat.websocket.server.WsFilter.doFilter(WsFilter.java:51)
	at org.apache.catalina.core.ApplicationFilterChain.internalDoFilter(ApplicationFilterChain.java:174)
	at org.apache.catalina.core.ApplicationFilterChain.doFilter(ApplicationFilterChain.java:149)
	at org.springframework.web.filter.RequestContextFilter.doFilterInternal(RequestContextFilter.java:100)
	at org.springframework.web.filter.OncePerRequestFilter.doFilter(OncePerRequestFilter.java:116)
	at org.apache.catalina.core.ApplicationFilterChain.internalDoFilter(ApplicationFilterChain.java:174)
	at org.apache.catalina.core.ApplicationFilterChain.doFilter(ApplicationFilterChain.java:149)
	at org.springframework.web.filter.FormContentFilter.doFilterInternal(FormContentFilter.java:93)
	at org.springframework.web.filter.OncePerRequestFilter.doFilter(OncePerRequestFilter.java:116)
	at org.apache.catalina.core.ApplicationFilterChain.internalDoFilter(ApplicationFilterChain.java:174)
	at org.apache.catalina.core.ApplicationFilterChain.doFilter(ApplicationFilterChain.java:149)
	at org.springframework.web.filter.CharacterEncodingFilter.doFilterInternal(CharacterEncodingFilter.java:201)
	at org.springframework.web.filter.OncePerRequestFilter.doFilter(OncePerRequestFilter.java:116)
	at org.apache.catalina.core.ApplicationFilterChain.internalDoFilter(ApplicationFilterChain.java:174)
	at org.apache.catalina.core.ApplicationFilterChain.doFilter(ApplicationFilterChain.java:149)
	at org.apache.catalina.core.StandardWrapperValve.invoke(StandardWrapperValve.java:167)
	at org.apache.catalina.core.StandardContextValve.invoke(StandardContextValve.java:90)
	at org.apache.catalina.authenticator.AuthenticatorBase.invoke(AuthenticatorBase.java:482)
	at org.apache.catalina.core.StandardHostValve.invoke(StandardHostValve.java:115)
	at org.apache.catalina.valves.ErrorReportValve.invoke(ErrorReportValve.java:93)
	at org.apache.catalina.core.StandardEngineValve.invoke(StandardEngineValve.java:74)
	at org.apache.catalina.connector.CoyoteAdapter.service(CoyoteAdapter.java:340)
	at org.apache.coyote.http11.Http11Processor.service(Http11Processor.java:391)
	at org.apache.coyote.AbstractProcessorLight.process(AbstractProcessorLight.java:63)
	at org.apache.coyote.AbstractProtocol$ConnectionHandler.process(AbstractProtocol.java:896)
	at org.apache.tomcat.util.net.NioEndpoint$SocketProcessor.doRun(NioEndpoint.java:1744)
	at org.apache.tomcat.util.net.SocketProcessorBase.run(SocketProcessorBase.java:52)
	at org.apache.tomcat.util.threads.ThreadPoolExecutor.runWorker(ThreadPoolExecutor.java:1191)
	at org.apache.tomcat.util.threads.ThreadPoolExecutor$Worker.run(ThreadPoolExecutor.java:659)
	at org.apache.tomcat.util.threads.TaskThread$WrappingRunnable.run(TaskThread.java:61)
	at java.base/java.lang.Thread.run(Thread.java:1583)
[INFO] ------------------------------------------------------------------------
[INFO] BUILD FAILURE
[INFO] ------------------------------------------------------------------------
[INFO] Total time:  11:43 min
[INFO] Finished at: 2025-09-03T09:40:14+08:00
[INFO] ------------------------------------------------------------------------
[ERROR] Failed to execute goal org.springframework.boot:spring-boot-maven-plugin:3.2.0:run (default-cli) on project trip-scale-lite: Process terminated with exit code: 137 -> [Help 1]
[ERROR] 
[ERROR] To see the full stack trace of the errors, re-run Maven with the -e switch.
[ERROR] Re-run Maven using the -X switch to enable full debug logging.
[ERROR] 
[ERROR] For more information about the errors and possible solutions, please read the following articles:
[ERROR] [Help 1] http://cwiki.apache.org/confluence/display/MAVEN/MojoExecutionException
